--- Starting Test ---
DF1 Columns (Original): ['Reg No', 'Branch', 'Year', 'Solved count']
DF1 Columns (Standardized): ['Reg No', 'Branch', 'Year', 'Solved count']
DF2 Columns (Original): ['Regn No', 'Branch', 'Year', 'Solved count']
DF2 Columns (Standardized): ['Reg No', 'Branch', 'Year', 'Solved count']

--- Resulting DataFrame ---
  Reg No Branch Year  Solved count
0      1    CSE    I            10
1      2    ECE   II            20
2      3   MECH  III            30
3      4     IT   IV            40
Final Columns: ['Reg No', 'Branch', 'Year', 'Solved count']

SUCCESS: 'Reg No' is present and 'Regn No' is merged/absent.
SUCCESS: No N/A values in 'Reg No'.
